16:50:54 **** Incremental Build of configuration Debug for project Pratica04-Timer ****
make -j8 all 
arm-none-eabi-size  Pratica04-Timer.elf 
   text	   data	    bss	    dec	    hex	filename
    960	      0	   1576	   2536	    9e8	Pratica04-Timer.elf
Finished building: default.size.stdout
 
16:50:59 **** Incremental Build of configuration Debug for project Pratica03-Systick ****
make -j8 all 
arm-none-eabi-size  Pratica03-Systick.elf 
   text	   data	    bss	    dec	    hex	filename
    780	      0	   1576	   2356	    934	Pratica03-Systick.elf
Finished building: default.size.stdout
 
16:52:17 **** Incremental Build of configuration Debug for project Pratica04-Timer ****
make -j8 all 
arm-none-eabi-size  Pratica04-Timer.elf 
   text	   data	    bss	    dec	    hex	filename
    960	      0	   1576	   2536	    9e8	Pratica04-Timer.elf
Finished building: default.size.stdout
 
17:02:14 **** Build of configuration Debug for project Pratica06-AD ****
make -j8 all 
arm-none-eabi-gcc -mcpu=cortex-m3 -g3 -DDEBUG -c -x assembler-with-cpp -MMD -MP -MF"Startup/startup_stm32f103c8tx.d" -MT"Startup/startup_stm32f103c8tx.o" --specs=nano.specs -mfloat-abi=soft -mthumb -o "Startup/startup_stm32f103c8tx.o" "../Startup/startup_stm32f103c8tx.s"
arm-none-eabi-gcc "../Src/main.c" -mcpu=cortex-m3 -std=gnu11 -g3 -DDEBUG -DSTM32 -DSTM32F1 -DSTM32F103C8Tx -DSTM32F103xB=STM32F103xB -c -I"/home/ubuntu/Documentos/Microcontroladores/Pratica06-AD/F1_Header/Include" -I"/home/ubuntu/Documentos/Microcontroladores/Pratica06-AD/F1_Header/Device/ST/STM32F1xx/Include" -I"/home/ubuntu/Documentos/Microcontroladores/Pratica06-AD/Inc" -O0 -ffunction-sections -fdata-sections -Wall -fstack-usage -fcyclomatic-complexity -MMD -MP -MF"Src/main.d" -MT"Src/main.o" --specs=nano.specs -mfloat-abi=soft -mthumb -o "Src/main.o"
arm-none-eabi-gcc "../Src/syscalls.c" -mcpu=cortex-m3 -std=gnu11 -g3 -DDEBUG -DSTM32 -DSTM32F1 -DSTM32F103C8Tx -DSTM32F103xB=STM32F103xB -c -I"/home/ubuntu/Documentos/Microcontroladores/Pratica06-AD/F1_Header/Include" -I"/home/ubuntu/Documentos/Microcontroladores/Pratica06-AD/F1_Header/Device/ST/STM32F1xx/Include" -I"/home/ubuntu/Documentos/Microcontroladores/Pratica06-AD/Inc" -O0 -ffunction-sections -fdata-sections -Wall -fstack-usage -fcyclomatic-complexity -MMD -MP -MF"Src/syscalls.d" -MT"Src/syscalls.o" --specs=nano.specs -mfloat-abi=soft -mthumb -o "Src/syscalls.o"
arm-none-eabi-gcc "../Src/sysmem.c" -mcpu=cortex-m3 -std=gnu11 -g3 -DDEBUG -DSTM32 -DSTM32F1 -DSTM32F103C8Tx -DSTM32F103xB=STM32F103xB -c -I"/home/ubuntu/Documentos/Microcontroladores/Pratica06-AD/F1_Header/Include" -I"/home/ubuntu/Documentos/Microcontroladores/Pratica06-AD/F1_Header/Device/ST/STM32F1xx/Include" -I"/home/ubuntu/Documentos/Microcontroladores/Pratica06-AD/Inc" -O0 -ffunction-sections -fdata-sections -Wall -fstack-usage -fcyclomatic-complexity -MMD -MP -MF"Src/sysmem.d" -MT"Src/sysmem.o" --specs=nano.specs -mfloat-abi=soft -mthumb -o "Src/sysmem.o"
arm-none-eabi-gcc -o "Pratica06-AD.elf" @"objects.list"   -mcpu=cortex-m3 -T"/home/ubuntu/Documentos/Microcontroladores/Pratica06-AD/STM32F103C8TX_FLASH.ld" --specs=nosys.specs -Wl,-Map="Pratica06-AD.map" -Wl,--gc-sections -static --specs=nano.specs -mfloat-abi=soft -mthumb -Wl,--start-group -lc -lm -Wl,--end-group
Finished building target: Pratica06-AD.elf
 
arm-none-eabi-size  Pratica06-AD.elf 
arm-none-eabi-objdump -h -S Pratica06-AD.elf  > "Pratica06-AD.list"
   text	   data	    bss	    dec	    hex	filename
   1056	      0	   1576	   2632	    a48	Pratica06-AD.elf
Finished building: default.size.stdout
 
Finished building: Pratica06-AD.list
 
17:02:19 **** Incremental Build of configuration Debug for project Pratica06-AD ****
make -j8 all 
arm-none-eabi-size  Pratica06-AD.elf 
   text	   data	    bss	    dec	    hex	filename
   1056	      0	   1576	   2632	    a48	Pratica06-AD.elf
Finished building: default.size.stdout
 
