16:39:34 **** Incremental Build of configuration Debug for project Pratica04-PWM ****
make -j8 all 
arm-none-eabi-gcc "../Src/main.c" -mcpu=cortex-m3 -std=gnu11 -g3 -DDEBUG -DSTM32 -DSTM32F1 -DSTM32F103C8Tx -DSTM32F103xB=STM32F103xB -c -I"/home/ubuntu/Documentos/Microcontroladores/Pratica04-PWM/F1_Header/Include" -I"/home/ubuntu/Documentos/Microcontroladores/Pratica04-PWM/F1_Header/Device/ST/STM32F1xx/Include" -I"/home/ubuntu/Documentos/Microcontroladores/Pratica04-PWM/Inc" -O0 -ffunction-sections -fdata-sections -Wall -fstack-usage -fcyclomatic-complexity -MMD -MP -MF"Src/main.d" -MT"Src/main.o" --specs=nano.specs -mfloat-abi=soft -mthumb -o "Src/main.o"
arm-none-eabi-gcc -o "Pratica04-PWM.elf" @"objects.list"   -mcpu=cortex-m3 -T"/home/ubuntu/Documentos/Microcontroladores/Pratica04-PWM/STM32F103C8TX_FLASH.ld" --specs=nosys.specs -Wl,-Map="Pratica04-PWM.map" -Wl,--gc-sections -static --specs=nano.specs -mfloat-abi=soft -mthumb -Wl,--start-group -lc -lm -Wl,--end-group
Finished building target: Pratica04-PWM.elf
 
arm-none-eabi-size  Pratica04-PWM.elf 
arm-none-eabi-objdump -h -S Pratica04-PWM.elf  > "Pratica04-PWM.list"
   text	   data	    bss	    dec	    hex	filename
    960	      0	   1576	   2536	    9e8	Pratica04-PWM.elf
Finished building: default.size.stdout
 
Finished building: Pratica04-PWM.list
 

16:39:34 Build Finished. 0 errors, 0 warnings. (took 286ms)

