12:31:40 **** Build of configuration Debug for project Pratica01 -GPIO2 ****
make -j8 all 
arm-none-eabi-gcc -mcpu=cortex-m3 -g3 -DDEBUG -c -x assembler-with-cpp -MMD -MP -MF"Startup/startup_stm32f103c8tx.d" -MT"Startup/startup_stm32f103c8tx.o" --specs=nano.specs -mfloat-abi=soft -mthumb -o "Startup/startup_stm32f103c8tx.o" "../Startup/startup_stm32f103c8tx.s"
arm-none-eabi-gcc "../Src/main.c" -mcpu=cortex-m3 -std=gnu11 -g3 -DDEBUG -DSTM32 -DSTM32F1 -DSTM32F103C8Tx -DSTM32F103xB=STM32F103xB -c -I"//Inc" -I"/home/ubuntu/Documentos/Microcontroladores/Pratica01 -GPIO2/F1_Header/Include" -I"/home/ubuntu/Documentos/Microcontroladores/Pratica01 -GPIO2/F1_Header/Device/ST/STM32F1xx/Include" -O0 -ffunction-sections -fdata-sections -Wall -fstack-usage -fcyclomatic-complexity -MMD -MP -MF"Src/main.d" -MT"Src/main.o" --specs=nano.specs -mfloat-abi=soft -mthumb -o "Src/main.o"
arm-none-eabi-gcc "../Src/syscalls.c" -mcpu=cortex-m3 -std=gnu11 -g3 -DDEBUG -DSTM32 -DSTM32F1 -DSTM32F103C8Tx -DSTM32F103xB=STM32F103xB -c -I"//Inc" -I"/home/ubuntu/Documentos/Microcontroladores/Pratica01 -GPIO2/F1_Header/Include" -I"/home/ubuntu/Documentos/Microcontroladores/Pratica01 -GPIO2/F1_Header/Device/ST/STM32F1xx/Include" -O0 -ffunction-sections -fdata-sections -Wall -fstack-usage -fcyclomatic-complexity -MMD -MP -MF"Src/syscalls.d" -MT"Src/syscalls.o" --specs=nano.specs -mfloat-abi=soft -mthumb -o "Src/syscalls.o"
arm-none-eabi-gcc "../Src/sysmem.c" -mcpu=cortex-m3 -std=gnu11 -g3 -DDEBUG -DSTM32 -DSTM32F1 -DSTM32F103C8Tx -DSTM32F103xB=STM32F103xB -c -I"//Inc" -I"/home/ubuntu/Documentos/Microcontroladores/Pratica01 -GPIO2/F1_Header/Include" -I"/home/ubuntu/Documentos/Microcontroladores/Pratica01 -GPIO2/F1_Header/Device/ST/STM32F1xx/Include" -O0 -ffunction-sections -fdata-sections -Wall -fstack-usage -fcyclomatic-complexity -MMD -MP -MF"Src/sysmem.d" -MT"Src/sysmem.o" --specs=nano.specs -mfloat-abi=soft -mthumb -o "Src/sysmem.o"
arm-none-eabi-gcc -o "Pratica01 -GPIO2.elf" @"objects.list"   -mcpu=cortex-m3 -T"/home/ubuntu/Documentos/Microcontroladores/Pratica01 -GPIO2/STM32F103C8TX_FLASH.ld" --specs=nosys.specs -Wl,-Map="Pratica01 -GPIO2.map" -Wl,--gc-sections -static --specs=nano.specs -mfloat-abi=soft -mthumb -Wl,--start-group -lc -lm -Wl,--end-group
Finished building target: Pratica01 -GPIO2.elf
 
arm-none-eabi-size  Pratica01\ -GPIO2.elf 
arm-none-eabi-objdump -h -S Pratica01\ -GPIO2.elf  > "Pratica01 -GPIO2.list"
   text	   data	    bss	    dec	    hex	filename
    700	      0	   1568	   2268	    8dc	Pratica01 -GPIO2.elf
Finished building: default.size.stdout
 
Finished building: Pratica01 -GPIO2.list
 

12:31:40 Build Finished. 0 errors, 0 warnings. (took 229ms)

