10:10:18 **** Incremental Build of configuration Debug for project Pratica01 -GPIO ****
make -j8 all 
arm-none-eabi-gcc "../Src/main.c" -mcpu=cortex-m3 -std=gnu11 -g3 -DDEBUG -DSTM32 -DSTM32F1 -DSTM32F103C8Tx -DSTM32F103xB=STM32F103xB -c -I"//Inc" -I"/home/ubuntu/Documentos/Microcontroladores/Pratica01 -GPIO/F1_Header/Include" -I"/home/ubuntu/Documentos/Microcontroladores/Pratica01 -GPIO/F1_Header/Device/ST/STM32F1xx/Include" -O0 -ffunction-sections -fdata-sections -Wall -fstack-usage -fcyclomatic-complexity -MMD -MP -MF"Src/main.d" -MT"Src/main.o" --specs=nano.specs -mfloat-abi=soft -mthumb -o "Src/main.o"
arm-none-eabi-gcc -o "Pratica01 -GPIO.elf" @"objects.list"   -mcpu=cortex-m3 -T"/home/ubuntu/Documentos/Microcontroladores/Pratica01 -GPIO/STM32F103C8TX_FLASH.ld" --specs=nosys.specs -Wl,-Map="Pratica01 -GPIO.map" -Wl,--gc-sections -static --specs=nano.specs -mfloat-abi=soft -mthumb -Wl,--start-group -lc -lm -Wl,--end-group
Finished building target: Pratica01 -GPIO.elf
 
arm-none-eabi-size  Pratica01\ -GPIO.elf 
arm-none-eabi-objdump -h -S Pratica01\ -GPIO.elf  > "Pratica01 -GPIO.list"
   text	   data	    bss	    dec	    hex	filename
    776	      0	   1568	   2344	    928	Pratica01 -GPIO.elf
Finished building: default.size.stdout
 
Finished building: Pratica01 -GPIO.list
 

10:10:19 Build Finished. 0 errors, 0 warnings. (took 225ms)

